#-----------------------------------------------------------
# Webtalk v2018.3 (64-bit)
# SW Build 2405991 on Thu Dec  6 23:36:41 MST 2018
# IP Build 2404404 on Fri Dec  7 01:43:56 MST 2018
# Start of session at: Fri Sep 11 17:10:00 2020
# Process ID: 1467
# Current directory: /home/avijit/study_material/Computer_Ogranisation_Lab/projects/assign_2_b/assign_2_b.sim/sim_1/behav/xsim
# Command line: wbtcv -mode batch -source /home/avijit/study_material/Computer_Ogranisation_Lab/projects/assign_2_b/assign_2_b.sim/sim_1/behav/xsim/xsim.dir/tstb_RCA_behav/webtalk/xsim_webtalk.tcl -notrace
# Log file: /home/avijit/study_material/Computer_Ogranisation_Lab/projects/assign_2_b/assign_2_b.sim/sim_1/behav/xsim/webtalk.log
# Journal file: /home/avijit/study_material/Computer_Ogranisation_Lab/projects/assign_2_b/assign_2_b.sim/sim_1/behav/xsim/webtalk.jou
#-----------------------------------------------------------
source /home/avijit/study_material/Computer_Ogranisation_Lab/projects/assign_2_b/assign_2_b.sim/sim_1/behav/xsim/xsim.dir/tstb_RCA_behav/webtalk/xsim_webtalk.tcl -notrace
